
> proposal-forge@0.1.0 build
> next build

  Γû▓ Next.js 14.2.35
  - Environments: .env.local

   Creating an optimized production build ...
 Γ£ô Compiled successfully
   Linting and checking validity of types ...
   Collecting page data ...
   Generating static pages (0/19) ...
   Generating static pages (4/19) 
node.exe :  Γ¿» useSearchParams() should be wrapped in a suspense boundary at page "/proposals/new". Read more: 
https://nextjs.org/docs/messages/missing-suspense-with-csr-bailout
At line:1 char:1
+ & "C:\Program Files\nodejs/node.exe" "C:\Program Files\nodejs/node_mo ...
+ ~~~~~~~~~~~~~~~~~~~~~~~~~~~~~~~~~~~~~~~~~~~~~~~~~~~~~~~~~~~~~~~~~~~~~
    + CategoryInfo          : NotSpecified: ( Γ¿» useSearchP...ith-csr-bailout:String) [], RemoteException
    + FullyQualifiedErrorId : NativeCommandError
 
    at i (C:\Users\ADMIN\Desktop\Proposal_Forge\.next\server\chunks\138.js:59:14857)
    at c (C:\Users\ADMIN\Desktop\Proposal_Forge\.next\server\chunks\138.js:59:25749)
    at j (C:\Users\ADMIN\Desktop\Proposal_Forge\.next\server\app\proposals\new\page.js:1:2646)
    at nj 
(C:\Users\ADMIN\Desktop\Proposal_Forge\node_modules\next\dist\compiled\next-server\app-page.runtime.prod.js:12:46252)
    at nM 
(C:\Users\ADMIN\Desktop\Proposal_Forge\node_modules\next\dist\compiled\next-server\app-page.runtime.prod.js:12:47572)
    at nL 
(C:\Users\ADMIN\Desktop\Proposal_Forge\node_modules\next\dist\compiled\next-server\app-page.runtime.prod.js:12:64547)
    at nI 
(C:\Users\ADMIN\Desktop\Proposal_Forge\node_modules\next\dist\compiled\next-server\app-page.runtime.prod.js:12:47011)
    at nM 
(C:\Users\ADMIN\Desktop\Proposal_Forge\node_modules\next\dist\compiled\next-server\app-page.runtime.prod.js:12:47718)
    at nM 
(C:\Users\ADMIN\Desktop\Proposal_Forge\node_modules\next\dist\compiled\next-server\app-page.runtime.prod.js:12:61547)
    at nL 
(C:\Users\ADMIN\Desktop\Proposal_Forge\node_modules\next\dist\compiled\next-server\app-page.runtime.prod.js:12:64547)

Error occurred prerendering page "/proposals/new". Read more: https://nextjs.org/docs/messages/prerender-error

   Generating static pages (9/19) 
   Generating static pages (14/19) 
 Γ£ô Generating static pages (19/19)

> Export encountered errors on following paths:
	/proposals/new/page: /proposals/new
